// Vitest Snapshot v1, https://vitest.dev/guide/snapshot.html

exports[`WLoadingPlaceholder > renders properly 1`] = `
<div
  data-v-app=""
>
  
  <div
    class="placeholder bg-gray-50 bg-opacity-60 bg-gradient-to-r from-gray-50 shadow-sm shadow-gray-100 bg-[length:200%_200%]"
    data-v-bd9b9d04=""
  >
    Â 
  </div>
  <span
    class="sr-only"
    data-v-bd9b9d04=""
  >
    Loading...
  </span>
  
</div>
`;
