// Vitest Snapshot v1, https://vitest.dev/guide/snapshot.html

exports[`WTable > renders properly 1`] = `
<div
  data-v-app=""
>
  
  <table
    class="bg-white-100 dark:bg-black-800 rounded-[24px] w-full divide-y sm:divide-y-0 divide-white-200 dark:divide-white-500 text-black-500 mb-md sm:w-full"
    data-v-a63dd56f=""
  >
    <thead
      class="text-xs dark:text-white-200 sm:hidden text-black-500"
      data-v-a63dd56f=""
    >
      <tr
        data-v-a63dd56f=""
      >
        
        <th
          class="px-md py-md text-start cursor-pointer last:text-end"
          data-v-a63dd56f=""
          scope="col"
        >
          Rank 
          <svg
            class="color w-[10px] h-auto pl-xs inline w-[10px] h-auto pl-xs inline"
            data-v-a63dd56f=""
            data-v-c15836e8=""
            fill="none"
            height="11"
            viewBox="0 0 11 11"
            width="11"
            xmlns="http://www.w3.org/2000/svg"
          >
            <path
              d="M6.799 9.75a1.5 1.5 0 0 1-2.598 0L.304 3A1.5 1.5 0 0 1 1.603.75h7.794a1.5 1.5 0 0 1 1.3 2.25z"
              fill="#D9D9D9"
            />
          </svg>
        </th>
        <th
          class="px-md py-md text-start cursor-pointer last:text-end"
          data-v-a63dd56f=""
          scope="col"
        >
          Address 
          <svg
            class="color w-[10px] h-auto pl-xs inline w-[10px] h-auto pl-xs inline"
            data-v-a63dd56f=""
            data-v-c15836e8=""
            fill="none"
            height="11"
            viewBox="0 0 11 11"
            width="11"
            xmlns="http://www.w3.org/2000/svg"
          >
            <path
              d="M6.799 9.75a1.5 1.5 0 0 1-2.598 0L.304 3A1.5 1.5 0 0 1 1.603.75h7.794a1.5 1.5 0 0 1 1.3 2.25z"
              fill="#D9D9D9"
            />
          </svg>
        </th>
        <th
          class="px-md py-md text-start cursor-pointer last:text-end"
          data-v-a63dd56f=""
          scope="col"
        >
          Amount 
          <svg
            class="color w-[10px] h-auto pl-xs inline w-[10px] h-auto pl-xs inline"
            data-v-a63dd56f=""
            data-v-c15836e8=""
            fill="none"
            height="11"
            viewBox="0 0 11 11"
            width="11"
            xmlns="http://www.w3.org/2000/svg"
          >
            <path
              d="M6.799 9.75a1.5 1.5 0 0 1-2.598 0L.304 3A1.5 1.5 0 0 1 1.603.75h7.794a1.5 1.5 0 0 1 1.3 2.25z"
              fill="#D9D9D9"
            />
          </svg>
        </th>
        
      </tr>
    </thead>
    <tbody
      data-v-a63dd56f=""
    >
      
      <tr
        class="transition-all duration-200 even:bg-white-200 dark:even:bg-black-600 sm:grid sm:grid-col-1 sm:py-md"
        data-v-a63dd56f=""
      >
        
        <div
          class="responsive-table"
          data-v-a63dd56f=""
        >
          <th
            class="label"
            data-v-a63dd56f=""
          >
            Rank
          </th>
          <td
            class="px-md py-md [&&]:sm:pt-sm whitespace-nowrap"
            data-v-a63dd56f=""
          >
            <span
              data-v-a63dd56f=""
            >
              1
            </span>
          </td>
        </div>
        <div
          class="responsive-table"
          data-v-a63dd56f=""
        >
          <th
            class="label"
            data-v-a63dd56f=""
          >
            Address
          </th>
          <td
            class="px-md py-md [&&]:sm:pt-sm whitespace-nowrap"
            data-v-a63dd56f=""
          >
            <a
              class="text-wit-blue-600 dark:text-wit-blue-500"
              data-v-a63dd56f=""
              href="https://"
              target="_blank"
            >
              wit3
            </a>
          </td>
        </div>
        <div
          class="responsive-table"
          data-v-a63dd56f=""
        >
          <th
            class="label"
            data-v-a63dd56f=""
          >
            Amount
          </th>
          <td
            class="px-md py-md [&&]:sm:pt-sm whitespace-nowrap"
            data-v-a63dd56f=""
          >
            <span
              data-v-a63dd56f=""
            >
              1
            </span>
          </td>
        </div>
        
        
        <td
          class="sm:hidden px-md py-md [&&]:sm:pt-sm whitespace-nowrap last:text-end"
          data-v-a63dd56f=""
        >
          <span
            data-v-a63dd56f=""
          >
            1
          </span>
        </td>
        <td
          class="sm:hidden px-md py-md [&&]:sm:pt-sm whitespace-nowrap last:text-end"
          data-v-a63dd56f=""
        >
          <a
            class="text-wit-blue-600 dark:text-wit-blue-500"
            data-v-a63dd56f=""
            href="https://"
            target="_blank"
          >
            wit3
          </a>
        </td>
        <td
          class="sm:hidden px-md py-md [&&]:sm:pt-sm whitespace-nowrap last:text-end"
          data-v-a63dd56f=""
        >
          <span
            data-v-a63dd56f=""
          >
            1
          </span>
        </td>
        
      </tr>
      <tr
        class="transition-all duration-200 even:bg-white-200 dark:even:bg-black-600 sm:grid sm:grid-col-1 sm:py-md"
        data-v-a63dd56f=""
      >
        
        <div
          class="responsive-table"
          data-v-a63dd56f=""
        >
          <th
            class="label"
            data-v-a63dd56f=""
          >
            Rank
          </th>
          <td
            class="px-md py-md [&&]:sm:pt-sm whitespace-nowrap"
            data-v-a63dd56f=""
          >
            <span
              data-v-a63dd56f=""
            >
              2
            </span>
          </td>
        </div>
        <div
          class="responsive-table"
          data-v-a63dd56f=""
        >
          <th
            class="label"
            data-v-a63dd56f=""
          >
            Address
          </th>
          <td
            class="px-md py-md [&&]:sm:pt-sm whitespace-nowrap"
            data-v-a63dd56f=""
          >
            <a
              class="text-wit-blue-600 dark:text-wit-blue-500"
              data-v-a63dd56f=""
              href="https://"
              target="_blank"
            >
              wit1
            </a>
          </td>
        </div>
        <div
          class="responsive-table"
          data-v-a63dd56f=""
        >
          <th
            class="label"
            data-v-a63dd56f=""
          >
            Amount
          </th>
          <td
            class="px-md py-md [&&]:sm:pt-sm whitespace-nowrap"
            data-v-a63dd56f=""
          >
            <span
              data-v-a63dd56f=""
            >
              2
            </span>
          </td>
        </div>
        
        
        <td
          class="sm:hidden px-md py-md [&&]:sm:pt-sm whitespace-nowrap last:text-end"
          data-v-a63dd56f=""
        >
          <span
            data-v-a63dd56f=""
          >
            2
          </span>
        </td>
        <td
          class="sm:hidden px-md py-md [&&]:sm:pt-sm whitespace-nowrap last:text-end"
          data-v-a63dd56f=""
        >
          <a
            class="text-wit-blue-600 dark:text-wit-blue-500"
            data-v-a63dd56f=""
            href="https://"
            target="_blank"
          >
            wit1
          </a>
        </td>
        <td
          class="sm:hidden px-md py-md [&&]:sm:pt-sm whitespace-nowrap last:text-end"
          data-v-a63dd56f=""
        >
          <span
            data-v-a63dd56f=""
          >
            2
          </span>
        </td>
        
      </tr>
      <tr
        class="transition-all duration-200 even:bg-white-200 dark:even:bg-black-600 sm:grid sm:grid-col-1 sm:py-md"
        data-v-a63dd56f=""
      >
        
        <div
          class="responsive-table"
          data-v-a63dd56f=""
        >
          <th
            class="label"
            data-v-a63dd56f=""
          >
            Rank
          </th>
          <td
            class="px-md py-md [&&]:sm:pt-sm whitespace-nowrap"
            data-v-a63dd56f=""
          >
            <span
              data-v-a63dd56f=""
            >
              3
            </span>
          </td>
        </div>
        <div
          class="responsive-table"
          data-v-a63dd56f=""
        >
          <th
            class="label"
            data-v-a63dd56f=""
          >
            Address
          </th>
          <td
            class="px-md py-md [&&]:sm:pt-sm whitespace-nowrap"
            data-v-a63dd56f=""
          >
            <a
              class="text-wit-blue-600 dark:text-wit-blue-500"
              data-v-a63dd56f=""
              href="https://"
              target="_blank"
            >
              wit2
            </a>
          </td>
        </div>
        <div
          class="responsive-table"
          data-v-a63dd56f=""
        >
          <th
            class="label"
            data-v-a63dd56f=""
          >
            Amount
          </th>
          <td
            class="px-md py-md [&&]:sm:pt-sm whitespace-nowrap"
            data-v-a63dd56f=""
          >
            <span
              data-v-a63dd56f=""
            >
              3
            </span>
          </td>
        </div>
        
        
        <td
          class="sm:hidden px-md py-md [&&]:sm:pt-sm whitespace-nowrap last:text-end"
          data-v-a63dd56f=""
        >
          <span
            data-v-a63dd56f=""
          >
            3
          </span>
        </td>
        <td
          class="sm:hidden px-md py-md [&&]:sm:pt-sm whitespace-nowrap last:text-end"
          data-v-a63dd56f=""
        >
          <a
            class="text-wit-blue-600 dark:text-wit-blue-500"
            data-v-a63dd56f=""
            href="https://"
            target="_blank"
          >
            wit2
          </a>
        </td>
        <td
          class="sm:hidden px-md py-md [&&]:sm:pt-sm whitespace-nowrap last:text-end"
          data-v-a63dd56f=""
        >
          <span
            data-v-a63dd56f=""
          >
            3
          </span>
        </td>
        
      </tr>
      
    </tbody>
  </table>
  <!--v-if-->
  
</div>
`;
